// Jest Snapshot v1, https://goo.gl/fbAQLP

exports[`Card should render 1`] = `
<div>
  <div
    class="Card-sc-18vqxqo-1 cIOZno"
  />
</div>
`;
